node.exe : npm warn using --force Recommended protections disabled.
At line:1 char:1
+ & "C:\Program Files\nodejs/node.exe" "C:\Program Files\nodejs/node_mo ...
+ ~~~~~~~~~~~~~~~~~~~~~~~~~~~~~~~~~~~~~~~~~~~~~~~~~~~~~~~~~~~~~~~~~~~~~
    + CategoryInfo          : NotSpecified: (npm warn using ...tions disabled.:String)  
   [], RemoteException
    + FullyQualifiedErrorId : NativeCommandError
 
Γä╣∩╕Å  OpenTelemetry tracing disabled (not on Vercel, set ENABLE_OTEL=true to enable)
Attempting to load .env from: C:\Users\booboo\directorie\directories\ZyeuteV5\.env
[dotenv@17.3.1] injecting env (13) from .env -- tip: ΓÜÖ∩╕Å  write to custom object with { processEnv: myObject }
Γ£à Dotenv loaded successfully
DATABASE_URL present: true
DATABASE_URL starts with: postgresql://postgre
Testing database connection...
Pool initialized with connection string length: 125
Database connection failed: 
AggregateError [ECONNREFUSED]: 
    at 
C:\Users\booboo\directorie\directories\ZyeuteV5\node_modules\pg-pool\index.js:45:11
    at process.processTicksAndRejections (node:internal/process/task_queues:105:5)
    at async testConnection 
(C:\Users\booboo\directorie\directories\ZyeuteV5\test_db.ts:36:20)
